../Core/Src/main.c:64:6:HAL_UART_RxCpltCallback	16	static
../Core/Src/main.c:73:6:sendData	80	static
../Core/Src/main.c:76:6:readData	80	static
../Core/Src/main.c:79:6:ledPink	8	static
../Core/Src/main.c:82:6:ledPurple	8	static
../Core/Src/main.c:85:6:ledYellow	8	static
../Core/Src/main.c:88:6:ledRed	8	static
../Core/Src/main.c:99:5:main	8	static
../Core/Src/main.c:148:6:SystemClock_Config	72	static
../Core/Src/main.c:185:13:MX_TIM2_Init	40	static
../Core/Src/main.c:230:13:MX_USART2_UART_Init	8	static
../Core/Src/main.c:263:13:MX_GPIO_Init	32	static
../Core/Src/main.c:292:6:HAL_TIM_PeriodElapsedCallback	16	static
../Core/Src/main.c:302:6:Error_Handler	4	static,ignoring_inline_asm
